<html>
<body>
<pre>
<h1>µVision Build Log</h1>
<h2>Tool Versions:</h2>
IDE-Version: ¦ÌVision V5.36.0.0
Copyright (C) 2021 ARM Ltd and ARM Germany GmbH. All rights reserved.
License Information: q jy, henu, LIC=EXJT4-FX7IB-74AS0-B1JF2-43UTB-RHMEF
 
Tool Versions:
Toolchain:       MDK-ARM Plus  Version: 5.36.0.0
Toolchain Path:  D:\Program_Files\Keil_v5\ARM\ARMCC\Bin
C Compiler:      Armcc.exe V5.06 update 7 (build 960)
Assembler:       Armasm.exe V5.06 update 7 (build 960)
Linker/Locator:  ArmLink.exe V5.06 update 7 (build 960)
Library Manager: ArmAr.exe V5.06 update 7 (build 960)
Hex Converter:   FromElf.exe V5.06 update 7 (build 960)
CPU DLL:         SARMCM3.DLL V5.36.0.0
Dialog DLL:      DCM.DLL V1.17.3.0
Target DLL:      STLink\ST-LINKIII-KEIL_SWO.dll V3.0.9.0
Dialog DLL:      TCM.DLL V1.53.0.0
 
<h2>Project:</h2>
E:\User_Data_Files\MCU_Learning\f411_extend_example\Simple_Osc\MDK-ARM\Simple_Osc.uvprojx
Project File Date:  05/31/2023

<h2>Output:</h2>
*** Using Compiler 'V5.06 update 7 (build 960)', folder: 'D:\Program_Files\Keil_v5\ARM\ARMCC\Bin'
Build target 'Simple_Osc'
Note: source file '..\lvgl_v8_3\app\pic\chathead.c' - object file renamed from 'Simple_Osc\chathead.o' to 'Simple_Osc\chathead_1.o'.
Note: source file '..\lvgl_v8_3\app\pic\wechat_donate.c' - object file renamed from 'Simple_Osc\wechat_donate.o' to 'Simple_Osc\wechat_donate_1.o'.
compiling picture.c...
..\lvgl_v8_3\app\picture.h(13): warning:  #1295-D: Deprecated declaration img_icons8_oscilloscope_64_hide_action - give arg types
  void img_icons8_oscilloscope_64_hide_action();
..\lvgl_v8_3\app\picture.h(14): warning:  #1295-D: Deprecated declaration img_wechat_donate_hide_action - give arg types
  void img_wechat_donate_hide_action();
..\lvgl_v8_3\app\picture.h(15): warning:  #1295-D: Deprecated declaration img_chat_head_hide_action - give arg types
  void img_chat_head_hide_action();
..\lvgl_v8_3\app\picture.h(17): warning:  #1-D: last line of file ends without a newline
  #endif
..\lvgl_v8_3\app\picture.c(131): warning:  #223-D: function "printf" declared implicitly
  	user_main_debug("img_icons8_oscilloscope_64_hide_action\n");
..\lvgl_v8_3\app\picture.c: 5 warnings, 0 errors
compiling main.c...
../lvgl_v8_3/app/simple_oscilloscope.h(11): warning:  #1295-D: Deprecated declaration lv_simple_oscilloscope - give arg types
  void lv_simple_oscilloscope();
../lvgl_v8_3/app/simple_oscilloscope.h(15): warning:  #1295-D: Deprecated declaration lv_simple_oscilloscope_hide_action - give arg types
  void lv_simple_oscilloscope_hide_action();
../lvgl_v8_3/app/picture.h(13): warning:  #1295-D: Deprecated declaration img_icons8_oscilloscope_64_hide_action - give arg types
  void img_icons8_oscilloscope_64_hide_action();
../lvgl_v8_3/app/picture.h(14): warning:  #1295-D: Deprecated declaration img_wechat_donate_hide_action - give arg types
  void img_wechat_donate_hide_action();
../lvgl_v8_3/app/picture.h(15): warning:  #1295-D: Deprecated declaration img_chat_head_hide_action - give arg types
  void img_chat_head_hide_action();
../lvgl_v8_3/app/picture.h(17): warning:  #1-D: last line of file ends without a newline
  #endif
../lvgl_v8_3/app/init_menu.h(9): warning:  #1295-D: Deprecated declaration init_anim - give arg types
  lv_obj_t * init_anim();
../lvgl_v8_3/app/init_menu.h(12): warning:  #1295-D: Deprecated declaration cleanup_lvgl_components - give arg types
  void cleanup_lvgl_components();
../lvgl_v8_3/app/init_menu.h(14): warning:  #1295-D: Deprecated declaration init_anim_hide_action - give arg types
  void init_anim_hide_action() ;
../Core/Src/main.c(113): warning:  #111-D: statement is unreachable
  			break;
../Core/Src/main.c(116): warning:  #111-D: statement is unreachable
  			break;
../Core/Src/main.c(119): warning:  #111-D: statement is unreachable
  			break;
../Core/Src/main.c(122): warning:  #111-D: statement is unreachable
  			break;
../Core/Src/main.c: 13 warnings, 0 errors
linking...
Program Size: Code=161382 RO-data=108546 RW-data=756 ZI-data=121820  
FromELF: creating hex file...
"Simple_Osc\Simple_Osc.axf" - 0 Error(s), 18 Warning(s).

<h2>Software Packages used:</h2>

Package Vendor: ARM
                http://www.keil.com/pack/ARM.CMSIS.5.8.0.pack
                ARM.CMSIS.5.8.0
                CMSIS (Common Microcontroller Software Interface Standard)
   * Component: CORE Version: 5.5.0

Package Vendor: Keil
                http://www.keil.com/pack/Keil.STM32F4xx_DFP.2.16.0.pack
                Keil.STM32F4xx_DFP.2.16.0
                STMicroelectronics STM32F4 Series Device Support, Drivers and Examples

<h2>Collection of Component include folders:</h2>
  .\RTE\_Simple_Osc
  D:\Program_Files\Keil_v5\ARM\PACK\ARM\CMSIS\5.8.0\CMSIS\Core\Include
  D:\Program_Files\Keil_v5\ARM\PACK\Keil\STM32F4xx_DFP\2.16.0\Drivers\CMSIS\Device\ST\STM32F4xx\Include

<h2>Collection of Component Files used:</h2>

   * Component: ARM::CMSIS:CORE:5.5.0
      Include file:  CMSIS\Core\Include\tz_context.h
Build Time Elapsed:  00:00:03
</pre>
</body>
</html>
